{
    "downNumbers": {
        "atk": 446,
        "dmgType": 0,
        "aspd": 1,
        "hitNum": 1,
        "spHit": 0,
        "spRate": 0,
        "hitDmg": 499.52,
        "dps": 499.52
    },
    "upNumbersArr": [
        {
            "atk": 446,
            "dmgType": 0,
            "aspd": 1,
            "hitNum": 2,
            "spHit": 0,
            "spRate": 0,
            "hitDmg": 677.92,
            "dps": 1355.84,
            "uptime": 0.2,
            "avgDps": 670.784
        }
    ]
}